// Jest Snapshot v1, https://goo.gl/fbAQLP

exports[`Badge renders badge with default props (md size, span) 1`] = `
.c0 {
  border: 1px solid var(--color-highlight);
  background: var(--color-badge-bg);
  color: var(--color-paragraph);
  border-radius: 9999px;
  display: inline-block;
  font-size: 0.875rem;
  padding: 0.5rem 1rem;
}

<span
  class="c0"
>
  TypeScript
</span>
`;
