// Jest Snapshot v1, https://goo.gl/fbAQLP

exports[`Heading renders heading with default props (h2, section size) 1`] = `
.c0 {
  font-family: var(--font-space-grotesk),sans-serif;
  font-weight: 700;
  color: #ffffff;
  margin: 0;
  font-size: 2.5rem;
  line-height: 1.1;
}

@media (min-width: 1200px) {
  .c0 {
    font-size: 3.5rem;
  }
}

<h2
  class="c0"
>
  Hello World
</h2>
`;
