// Jest Snapshot v1, https://goo.gl/fbAQLP

exports[`Journey renders correctly with default data 1`] = `
.c1 {
  display: grid;
  min-height: auto;
  position: relative;
  width: 100%;
  column-gap: calc(24px);
  grid-template-columns: 1fr min(1440px, 100% - 48px) 1fr;
}

.c1 >* {
  grid-column: 2/auto;
}

.c4 {
  color: var(--color-headline);
  font-family: var(--font-space-grotesk),sans-serif;
  font-weight: 700;
  font-size: 2rem;
  line-height: 1.1;
}

.c2 {
  color: var(--color-paragraph);
  font-size: 1rem;
  line-height: 1.5;
  margin: 0;
  padding: 0;
}

.c6 {
  color: var(--color-paragraph);
  font-size: 1.25rem;
  line-height: 1.5;
  margin: 0;
  padding: 0;
}

.c0 {
  padding: 3rem 0;
}

.c3 {
  color: var(--color-highlight);
  font-size: 0.75rem;
  letter-spacing: 0.2em;
  margin: 0 0 1.25rem;
  text-transform: uppercase;
}

.c5 {
  margin: 0 0 2rem;
}

.c7 {
  line-height: 1.7;
  margin-bottom: 4rem;
  max-width: 680px;
}

.c8 {
  list-style: none;
  margin: 0;
  padding: 0;
}

.c9 {
  align-items: start;
  display: grid;
  grid-template-columns: 2.5rem 1fr;
}

.c9:not(:last-child)>div:first-child::after {
  background: linear-gradient(       to bottom,       var(--color-ring-start),       transparent     );
  content: "";
  display: block;
  flex: 1;
  margin-top: 0.75rem;
  width: 2px;
}

.c10 {
  align-items: center;
  align-self: stretch;
  display: flex;
  flex-direction: column;
  padding-top: 4px;
}

.c11 {
  border: 2px solid var(--color-highlight);
  border-radius: 100%;
  flex-shrink: 0;
  height: 12px;
  width: 12px;
  animation: k0 2.4s ease-in-out infinite;
  background: transparent;
}

.c17 {
  border: 2px solid var(--color-highlight);
  border-radius: 100%;
  flex-shrink: 0;
  height: 12px;
  width: 12px;
  background: var(--color-highlight);
}

.c12 {
  padding-bottom: 4rem;
}

li:last-child>.c12 {
  padding-bottom: 0;
}

.c14 {
  margin: 0 0 0.375rem;
}

.c13 {
  color: var(--color-paragraph);
  display: inline-block;
  font-size: 0.75rem;
  letter-spacing: 0.15em;
  margin-bottom: 0.375rem;
  text-transform: uppercase;
}

.c15 {
  color: var(--color-highlight);
  font-size: 0.875rem;
  font-weight: 700;
  margin: 0 0 1.5rem;
}

.c16 {
  line-height: 1.7;
  max-width: 640px;
}

@media (min-width: 600px) {
  .c1 {
    column-gap: calc(24px);
    grid-template-columns: 1fr min(1440px, 100% - 48px) 1fr;
  }
}

@media (min-width: 900px) {
  .c1 {
    column-gap: calc(36px);
    grid-template-columns: 1fr min(1440px, 100% - 72px) 1fr;
  }
}

@media (min-width: 1200px) {
  .c1 {
    column-gap: calc(81px);
    grid-template-columns: 1fr min(1440px, 100% - 162px) 1fr;
  }
}

@media (min-width: 1536px) {
  .c1 {
    column-gap: calc(121.5px);
    grid-template-columns: 1fr min(1440px, 100% - 243px) 1fr;
  }
}

@media (min-width: 600px) {
  .c1 >* {
    grid-column: 2/auto;
  }
}

@media (min-width: 1200px) {
  .c1 >* {
    grid-column: 2/auto;
  }
}

@media (min-width: 1536px) {
  .c1 >* {
    grid-column: 2/auto;
  }
}

@media (min-width: 900px) {
  .c4 {
    font-size: 2.5rem;
  }
}

@media (min-width: 1200px) {
  .c4 {
    font-size: 3.5rem;
  }
}

@media (max-width: 1199px) {
  .c0 {
    padding-bottom: 2rem;
    padding-top: 2rem;
  }
}

@media (max-width: 1199px) {
  .c5 {
    margin-bottom: 1rem;
  }
}

@media (max-width: 1199px) {
  .c7 {
    margin-bottom: 1rem;
  }
}

@media (max-width: 1199px) {
  .c12 {
    padding-bottom: 2rem;
  }
}

@media (min-width: 900px) {
  .c14 {
    display: inline;
    margin-right: 1rem;
  }
}

@keyframes k0 {
  0%, 100% {
    opacity: 1;
    transform: scale(1);
  }

  50% {
    opacity: 0.5;
    transform: scale(0.85);
  }
}

<div>
  <section
    class="c0"
    id="journey"
  >
    <section
      class="c1"
    >
      <p
        class="c2 c3"
      >
        The Journey
      </p>
      <h2
        class="c4 c5"
      >
        A Life in Motion
      </h2>
      <p
        class="c6 c7"
      >
        From a small town outside Bologna to the streets of Bangkok — via Turin, Amsterdam, and 35 countries in between.
      </p>
      <ol
        aria-label="Life journey timeline"
        class="c8"
      >
        <li
          class="c9"
        >
          <div
            class="c10"
          >
            <div
              class="c11"
            />
          </div>
          <div
            class="c12"
          >
            <p
              class="c2 c13"
            >
              Thailand
            </p>
            <div
              class=""
            >
              <h3
                class="c14"
              >
                Bangkok
              </h3>
            </div>
            <p
              class="c2 c15"
            >
              33 y.o. · 
              2025 –
               ?
            </p>
            <p
              class="c2 c16"
            >
              In August 2025 I left Amsterdam. Spent a few months rediscovering southern Italy, then in October boarded a one-way flight to Thailand on a digital nomad visa. Same job, same team, different hemisphere. Bangkok is loud, fast, and somehow immediately home. The question mark at the end of this chapter is the point.
            </p>
          </div>
        </li>
        <li
          class="c9"
        >
          <div
            class="c10"
          >
            <div
              class="c17"
            />
          </div>
          <div
            class="c12"
          >
            <p
              class="c2 c13"
            >
              Netherlands
            </p>
            <div
              class=""
            >
              <h3
                class="c14"
              >
                Amsterdam
              </h3>
            </div>
            <p
              class="c2 c15"
            >
              26 y.o. · 
              2019 – 2025
            </p>
            <p
              class="c2 c16"
            >
              Moving to Amsterdam in early 2019 felt like stepping into the version of life I'd been building toward. I lived in the heart of the city, between Centraal and Dam Square, worked in tech, and watched the world flip to remote almost overnight in March 2020. That shift suited me. By 2022 I was fully remote for a Canadian company, working across time zones — and somewhere between a first trip to Indonesia and a winter in British Columbia, I realised the city I lived in mattered less than I'd thought. Amsterdam gave me six and a half good years. It also planted the seed for what came next.
            </p>
          </div>
        </li>
        <li
          class="c9"
        >
          <div
            class="c10"
          >
            <div
              class="c17"
            />
          </div>
          <div
            class="c12"
          >
            <p
              class="c2 c13"
            >
              Italy
            </p>
            <div
              class=""
            >
              <h3
                class="c14"
              >
                Torino
              </h3>
            </div>
            <p
              class="c2 c15"
            >
              21 y.o. · 
              2013 – 2018
            </p>
            <p
              class="c2 c16"
            >
              Five years in Turin taught me two things: that learning by doing is the only kind that sticks, and that I wasn't afraid of starting over somewhere new. The ITS programme put me into real projects from day one. By the time I left in late 2018, I had a career — and the confidence to take a much bigger leap.
            </p>
          </div>
        </li>
        <li
          class="c9"
        >
          <div
            class="c10"
          >
            <div
              class="c17"
            />
          </div>
          <div
            class="c12"
          >
            <p
              class="c2 c13"
            >
              Italy
            </p>
            <div
              class=""
            >
              <h3
                class="c14"
              >
                Casalecchio di Reno
              </h3>
            </div>
            <p
              class="c2 c15"
            >
              1992 – 2013
            </p>
            <p
              class="c2 c16"
            >
              I grew up just outside Bologna, in a town small enough to know your neighbours and big enough to want more. Secondary school at ITIS Belluzzi in Bologna, where I got serious about code for the first time. Between shifts at the warehouse and the supermarket, I kept studying — and when an ITS ICT programme in Turin came up, with hands-on work in mobile app design, I said yes before I'd finished reading the application.
            </p>
          </div>
        </li>
      </ol>
    </section>
  </section>
</div>
`;
