// Jest Snapshot v1, https://goo.gl/fbAQLP

exports[`CarbonBadge renders the stored emissions value statically 1`] = `
.c0 {
  display: inline-flex;
  align-items: stretch;
  font-family: -apple-system,BlinkMacSystemFont,sans-serif;
  font-size: 15px;
  line-height: 1.15;
}

.c1 {
  display: inline-flex;
  justify-content: center;
  align-items: center;
  text-align: center;
  padding: 0.3em 0.5em;
  border: 0.13em solid #00ffbc;
}

.c2 {
  background: #fff;
  color: #0e11a8;
  border-right: 0;
  border-radius: 0.3em 0 0 0.3em;
  min-width: 8.2em;
}

.c3 {
  background: #00ffbc;
  color: #0e11a8;
  font-weight: 700;
  text-decoration: none;
  border-left: 0;
  border-radius: 0 0.3em 0.3em 0;
}

<span
  class="c0"
>
  <span
    class="c1 c2"
  >
    0.05
    g of CO₂/view
  </span>
  <a
    aria-label="Website Carbon result: 0.05 grams of CO₂ per page view, tested 2026-07-12"
    class="c1 c3"
    href="https://www.websitecarbon.com/website/agostiniandrea-dev/"
    rel="noopener noreferrer"
    target="_blank"
  >
    Website Carbon
  </a>
</span>
`;
